
> brain-dump@0.1.0 build
> tsc -b && vite build

vite v7.3.1 building client environment for production...
transforming...
✓ 1720 modules transformed.
rendering chunks...
computing gzip size...
dist/registerSW.js                      0.14 kB
dist/manifest.webmanifest               0.49 kB
dist/index.html                         0.95 kB │ gzip:  0.47 kB
dist/assets/index-Ci5NdMjz.css         13.66 kB │ gzip:  3.53 kB
dist/assets/vendor-react-Cgg2GOmP.js   11.32 kB │ gzip:  4.07 kB
dist/assets/index-D4vLqaA4.js         204.57 kB │ gzip: 64.43 kB
✓ built in 1.15s

PWA v1.2.0
mode      generateSW
precache  10 entries (225.80 KiB)
files generated
  dist/sw.js
  dist/workbox-7fc22fbe.js
